11:56:59 **** Incremental Build of configuration Debug for project tp_freertos_reentrance ****
make -j16 all 
arm-none-eabi-gcc "../Core/Src/main.c" -mcpu=cortex-m7 -std=gnu11 -g3 -DDEBUG -DUSE_HAL_DRIVER -DSTM32F746xx -c -I../Core/Inc -I../Drivers/STM32F7xx_HAL_Driver/Inc -I../Drivers/STM32F7xx_HAL_Driver/Inc/Legacy -I../Drivers/CMSIS/Device/ST/STM32F7xx/Include -I../Drivers/CMSIS/Include -I../Middlewares/Third_Party/FreeRTOS/Source/include -I../Middlewares/Third_Party/FreeRTOS/Source/CMSIS_RTOS -I../Middlewares/Third_Party/FreeRTOS/Source/portable/GCC/ARM_CM7/r0p1 -O0 -ffunction-sections -fdata-sections -Wall -fstack-usage -MMD -MP -MF"Core/Src/main.d" -MT"Core/Src/main.o" --specs=nano.specs -mfpu=fpv5-sp-d16 -mfloat-abi=hard -mthumb -o "Core/Src/main.o"
arm-none-eabi-gcc -o "tp_freertos_reentrance.elf" @"objects.list"   -mcpu=cortex-m7 -T"/users/aminkach27/STM32CubeIDE/workspace_1.11.2/tp_freertos_reentrance/firmware/STM32F746NGHX_FLASH.ld" --specs=nosys.specs -Wl,-Map="tp_freertos_reentrance.map" -Wl,--gc-sections -static --specs=nano.specs -mfpu=fpv5-sp-d16 -mfloat-abi=hard -mthumb -Wl,--start-group -lc -lm -Wl,--end-group
Finished building target: tp_freertos_reentrance.elf
 
arm-none-eabi-size   tp_freertos_reentrance.elf 
arm-none-eabi-objdump -h -S  tp_freertos_reentrance.elf  > "tp_freertos_reentrance.list"
   text	   data	    bss	    dec	    hex	filename
  23508	    124	  18020	  41652	   a2b4	tp_freertos_reentrance.elf
Finished building: default.size.stdout
 
Finished building: tp_freertos_reentrance.list
 
11:57:03 **** Incremental Build of configuration Debug for project tp_freertos_reentrance ****
make -j16 all 
arm-none-eabi-size   tp_freertos_reentrance.elf 
   text	   data	    bss	    dec	    hex	filename
  23508	    124	  18020	  41652	   a2b4	tp_freertos_reentrance.elf
Finished building: default.size.stdout
 
